---
http_interactions:
- request:
    method: put
    uri: http://backend:5352/source/home:madam_submitter/_meta?user=madam_submitter
    body:
      encoding: UTF-8
      string: |
        <project name="home:madam_submitter">
          <title/>
          <description/>
          <person userid="madam_submitter" role="maintainer"/>
        </project>
    headers:
      Accept-Encoding:
      - gzip;q=1.0,deflate;q=0.6,identity;q=0.3
      Accept:
      - "*/*"
      User-Agent:
      - Ruby
  response:
    status:
      code: 200
      message: OK
    headers:
      Content-Type:
      - text/xml
      Cache-Control:
      - no-cache
      Connection:
      - close
      Content-Length:
      - '152'
    body:
      encoding: UTF-8
      string: |
        <project name="home:madam_submitter">
          <title></title>
          <description></description>
          <person userid="madam_submitter" role="maintainer"/>
        </project>
  recorded_at: Thu, 13 Aug 2020 12:09:21 GMT
- request:
    method: put
    uri: http://backend:5352/source/home:madam_submitter/Quebec/_meta?user=madam_submitter
    body:
      encoding: UTF-8
      string: |
        <package name="Quebec" project="home:madam_submitter">
          <title>The Moving Finger</title>
          <description>Fugit ut voluptates sed.</description>
        </package>
    headers:
      Accept-Encoding:
      - gzip;q=1.0,deflate;q=0.6,identity;q=0.3
      Accept:
      - "*/*"
      User-Agent:
      - Ruby
  response:
    status:
      code: 200
      message: OK
    headers:
      Content-Type:
      - text/xml
      Cache-Control:
      - no-cache
      Connection:
      - close
      Content-Length:
      - '155'
    body:
      encoding: UTF-8
      string: |
        <package name="Quebec" project="home:madam_submitter">
          <title>The Moving Finger</title>
          <description>Fugit ut voluptates sed.</description>
        </package>
  recorded_at: Thu, 13 Aug 2020 12:09:23 GMT
- request:
    method: put
    uri: http://backend:5352/source/home:madam_submitter/Quebec/_config
    body:
      encoding: UTF-8
      string: Est fuga temporibus. Voluptatem reprehenderit quaerat. Iste maxime magnam.
    headers:
      Accept-Encoding:
      - gzip;q=1.0,deflate;q=0.6,identity;q=0.3
      Accept:
      - "*/*"
      User-Agent:
      - Ruby
  response:
    status:
      code: 200
      message: OK
    headers:
      Content-Type:
      - text/xml
      Cache-Control:
      - no-cache
      Connection:
      - close
      Content-Length:
      - '207'
    body:
      encoding: UTF-8
      string: |
        <revision rev="3" vrev="3">
          <srcmd5>df86d8522f7c1b6849fe9308b6bf66d7</srcmd5>
          <version>unknown</version>
          <time>1597320563</time>
          <user>unknown</user>
          <comment></comment>
          <requestid/>
        </revision>
  recorded_at: Thu, 13 Aug 2020 12:09:23 GMT
- request:
    method: put
    uri: http://backend:5352/source/home:madam_submitter/Quebec/somefile.txt
    body:
      encoding: UTF-8
      string: Et aut laboriosam. Non atque qui. Amet quibusdam doloribus.
    headers:
      Accept-Encoding:
      - gzip;q=1.0,deflate;q=0.6,identity;q=0.3
      Accept:
      - "*/*"
      User-Agent:
      - Ruby
  response:
    status:
      code: 200
      message: OK
    headers:
      Content-Type:
      - text/xml
      Cache-Control:
      - no-cache
      Connection:
      - close
      Content-Length:
      - '207'
    body:
      encoding: UTF-8
      string: |
        <revision rev="4" vrev="4">
          <srcmd5>9484950890c77fae84077de7312c0f65</srcmd5>
          <version>unknown</version>
          <time>1597320563</time>
          <user>unknown</user>
          <comment></comment>
          <requestid/>
        </revision>
  recorded_at: Thu, 13 Aug 2020 12:09:23 GMT
- request:
    method: put
    uri: http://backend:5352/source/home:mr_receiver/_meta?user=mr_receiver
    body:
      encoding: UTF-8
      string: |
        <project name="home:mr_receiver">
          <title/>
          <description/>
          <person userid="mr_receiver" role="maintainer"/>
        </project>
    headers:
      Accept-Encoding:
      - gzip;q=1.0,deflate;q=0.6,identity;q=0.3
      Accept:
      - "*/*"
      User-Agent:
      - Ruby
  response:
    status:
      code: 200
      message: OK
    headers:
      Content-Type:
      - text/xml
      Cache-Control:
      - no-cache
      Connection:
      - close
      Content-Length:
      - '144'
    body:
      encoding: UTF-8
      string: |
        <project name="home:mr_receiver">
          <title></title>
          <description></description>
          <person userid="mr_receiver" role="maintainer"/>
        </project>
  recorded_at: Thu, 13 Aug 2020 12:09:23 GMT
- request:
    method: put
    uri: http://backend:5352/source/home:mr_receiver/Quebec/_meta?user=madam_submitter
    body:
      encoding: UTF-8
      string: |
        <package name="Quebec" project="home:mr_receiver">
          <title>Taming a Sea Horse</title>
          <description>Quae aut sit nihil.</description>
        </package>
    headers:
      Accept-Encoding:
      - gzip;q=1.0,deflate;q=0.6,identity;q=0.3
      Accept:
      - "*/*"
      User-Agent:
      - Ruby
  response:
    status:
      code: 200
      message: OK
    headers:
      Content-Type:
      - text/xml
      Cache-Control:
      - no-cache
      Connection:
      - close
      Content-Length:
      - '147'
    body:
      encoding: UTF-8
      string: |
        <package name="Quebec" project="home:mr_receiver">
          <title>Taming a Sea Horse</title>
          <description>Quae aut sit nihil.</description>
        </package>
  recorded_at: Thu, 13 Aug 2020 12:09:23 GMT
- request:
    method: put
    uri: http://backend:5352/source/home:mr_receiver/Quebec/_config
    body:
      encoding: UTF-8
      string: Delectus rerum minima. Provident aut velit. Odio porro non.
    headers:
      Accept-Encoding:
      - gzip;q=1.0,deflate;q=0.6,identity;q=0.3
      Accept:
      - "*/*"
      User-Agent:
      - Ruby
  response:
    status:
      code: 200
      message: OK
    headers:
      Content-Type:
      - text/xml
      Cache-Control:
      - no-cache
      Connection:
      - close
      Content-Length:
      - '207'
    body:
      encoding: UTF-8
      string: |
        <revision rev="3" vrev="3">
          <srcmd5>94e580e2e3ba10ab920cd919842e2d81</srcmd5>
          <version>unknown</version>
          <time>1597320563</time>
          <user>unknown</user>
          <comment></comment>
          <requestid/>
        </revision>
  recorded_at: Thu, 13 Aug 2020 12:09:23 GMT
- request:
    method: put
    uri: http://backend:5352/source/home:mr_receiver/Quebec/somefile.txt
    body:
      encoding: UTF-8
      string: In maxime ut. Vel eum ex. Sunt amet eos.
    headers:
      Accept-Encoding:
      - gzip;q=1.0,deflate;q=0.6,identity;q=0.3
      Accept:
      - "*/*"
      User-Agent:
      - Ruby
  response:
    status:
      code: 200
      message: OK
    headers:
      Content-Type:
      - text/xml
      Cache-Control:
      - no-cache
      Connection:
      - close
      Content-Length:
      - '207'
    body:
      encoding: UTF-8
      string: |
        <revision rev="4" vrev="4">
          <srcmd5>52b22681fd928d3d4d49bee3e4f4a9c9</srcmd5>
          <version>unknown</version>
          <time>1597320563</time>
          <user>unknown</user>
          <comment></comment>
          <requestid/>
        </revision>
  recorded_at: Thu, 13 Aug 2020 12:09:23 GMT
- request:
    method: post
    uri: http://backend:5352/search/package/id?match=(linkinfo/@package=%22Quebec%22%20and%20linkinfo/@project=%22home:madam_submitter%22%20and%20@project=%22home:madam_submitter%22)
    body:
      encoding: UTF-8
      string: ''
    headers:
      Content-Type:
      - application/octet-stream
      Accept-Encoding:
      - gzip;q=1.0,deflate;q=0.6,identity;q=0.3
      Accept:
      - "*/*"
      User-Agent:
      - Ruby
  response:
    status:
      code: 200
      message: OK
    headers:
      Content-Type:
      - text/xml
      Cache-Control:
      - no-cache
      Connection:
      - close
      Content-Length:
      - '27'
    body:
      encoding: UTF-8
      string: |
        <collection>
        </collection>
  recorded_at: Thu, 13 Aug 2020 12:09:23 GMT
- request:
    method: put
    uri: http://backend:5352/source/home:madam_submitter/Quebec_branch/_meta?user=madam_submitter
    body:
      encoding: UTF-8
      string: |
        <package name="Quebec_branch" project="home:madam_submitter">
          <title>The Moving Finger</title>
          <description>Fugit ut voluptates sed.</description>
        </package>
    headers:
      Accept-Encoding:
      - gzip;q=1.0,deflate;q=0.6,identity;q=0.3
      Accept:
      - "*/*"
      User-Agent:
      - Ruby
  response:
    status:
      code: 200
      message: OK
    headers:
      Content-Type:
      - text/xml
      Cache-Control:
      - no-cache
      Connection:
      - close
      Content-Length:
      - '162'
    body:
      encoding: UTF-8
      string: |
        <package name="Quebec_branch" project="home:madam_submitter">
          <title>The Moving Finger</title>
          <description>Fugit ut voluptates sed.</description>
        </package>
  recorded_at: Thu, 13 Aug 2020 12:09:23 GMT
- request:
    method: post
    uri: http://backend:5352/source/home:madam_submitter/Quebec_branch?cmd=branch&noservice=1&opackage=Quebec&oproject=home:madam_submitter&user=madam_submitter
    body:
      encoding: UTF-8
      string: ''
    headers:
      Content-Type:
      - application/octet-stream
      Accept-Encoding:
      - gzip;q=1.0,deflate;q=0.6,identity;q=0.3
      Accept:
      - "*/*"
      User-Agent:
      - Ruby
  response:
    status:
      code: 200
      message: OK
    headers:
      Content-Type:
      - text/xml
      Cache-Control:
      - no-cache
      Connection:
      - close
      Content-Length:
      - '215'
    body:
      encoding: UTF-8
      string: |
        <revision rev="1" vrev="1">
          <srcmd5>7302437629f0806e2212f7bb4d157409</srcmd5>
          <version>unknown</version>
          <time>1597320563</time>
          <user>madam_submitter</user>
          <comment></comment>
          <requestid/>
        </revision>
  recorded_at: Thu, 13 Aug 2020 12:09:23 GMT
- request:
    method: put
    uri: http://backend:5352/source/home:madam_submitter/Quebec_branch/_meta?user=madam_submitter
    body:
      encoding: UTF-8
      string: |
        <package name="Quebec_branch" project="home:madam_submitter">
          <title>The Moving Finger</title>
          <description>Fugit ut voluptates sed.</description>
        </package>
    headers:
      Accept-Encoding:
      - gzip;q=1.0,deflate;q=0.6,identity;q=0.3
      Accept:
      - "*/*"
      User-Agent:
      - Ruby
  response:
    status:
      code: 200
      message: OK
    headers:
      Content-Type:
      - text/xml
      Cache-Control:
      - no-cache
      Connection:
      - close
      Content-Length:
      - '162'
    body:
      encoding: UTF-8
      string: |
        <package name="Quebec_branch" project="home:madam_submitter">
          <title>The Moving Finger</title>
          <description>Fugit ut voluptates sed.</description>
        </package>
  recorded_at: Thu, 13 Aug 2020 12:09:23 GMT
- request:
    method: get
    uri: http://backend:5352/source/home:madam_submitter/Quebec_branch
    body:
      encoding: US-ASCII
      string: ''
    headers:
      Accept-Encoding:
      - gzip;q=1.0,deflate;q=0.6,identity;q=0.3
      Accept:
      - "*/*"
      User-Agent:
      - Ruby
  response:
    status:
      code: 200
      message: OK
    headers:
      Content-Type:
      - text/xml
      Cache-Control:
      - no-cache
      Connection:
      - close
      Content-Length:
      - '624'
    body:
      encoding: UTF-8
      string: |
        <directory name="Quebec_branch" rev="1" vrev="1" srcmd5="7302437629f0806e2212f7bb4d157409">
          <linkinfo project="home:madam_submitter" package="Quebec" srcmd5="9484950890c77fae84077de7312c0f65" baserev="9484950890c77fae84077de7312c0f65" xsrcmd5="8f40f068d477050226827cc53a949c51" lsrcmd5="7302437629f0806e2212f7bb4d157409"/>
          <entry name="_config" md5="ef97647449ad06057c2a9afa26dd6888" size="74" mtime="1597320563"/>
          <entry name="_link" md5="45a3200099b6b7f42dd3b2d9120732b2" size="114" mtime="1597320563"/>
          <entry name="somefile.txt" md5="b997ce95c5211c437e390bd3b86184af" size="59" mtime="1597320563"/>
        </directory>
  recorded_at: Thu, 13 Aug 2020 12:09:23 GMT
- request:
    method: get
    uri: http://backend:5352/source/home:madam_submitter/Quebec_branch?view=info
    body:
      encoding: US-ASCII
      string: ''
    headers:
      Accept-Encoding:
      - gzip;q=1.0,deflate;q=0.6,identity;q=0.3
      Accept:
      - "*/*"
      User-Agent:
      - Ruby
  response:
    status:
      code: 200
      message: OK
    headers:
      Content-Type:
      - text/xml
      Cache-Control:
      - no-cache
      Connection:
      - close
      Content-Length:
      - '334'
    body:
      encoding: UTF-8
      string: |
        <sourceinfo package="Quebec_branch" rev="1" vrev="5" srcmd5="8f40f068d477050226827cc53a949c51" lsrcmd5="7302437629f0806e2212f7bb4d157409" verifymd5="9484950890c77fae84077de7312c0f65">
          <error>bad build configuration, no build type defined or detected</error>
          <linked project="home:madam_submitter" package="Quebec"/>
        </sourceinfo>
  recorded_at: Thu, 13 Aug 2020 12:09:23 GMT
- request:
    method: get
    uri: http://backend:5352/source/home:madam_submitter/Quebec_branch
    body:
      encoding: US-ASCII
      string: ''
    headers:
      Accept-Encoding:
      - gzip;q=1.0,deflate;q=0.6,identity;q=0.3
      Accept:
      - "*/*"
      User-Agent:
      - Ruby
  response:
    status:
      code: 200
      message: OK
    headers:
      Content-Type:
      - text/xml
      Cache-Control:
      - no-cache
      Connection:
      - close
      Content-Length:
      - '624'
    body:
      encoding: UTF-8
      string: |
        <directory name="Quebec_branch" rev="1" vrev="1" srcmd5="7302437629f0806e2212f7bb4d157409">
          <linkinfo project="home:madam_submitter" package="Quebec" srcmd5="9484950890c77fae84077de7312c0f65" baserev="9484950890c77fae84077de7312c0f65" xsrcmd5="8f40f068d477050226827cc53a949c51" lsrcmd5="7302437629f0806e2212f7bb4d157409"/>
          <entry name="_config" md5="ef97647449ad06057c2a9afa26dd6888" size="74" mtime="1597320563"/>
          <entry name="_link" md5="45a3200099b6b7f42dd3b2d9120732b2" size="114" mtime="1597320563"/>
          <entry name="somefile.txt" md5="b997ce95c5211c437e390bd3b86184af" size="59" mtime="1597320563"/>
        </directory>
  recorded_at: Thu, 13 Aug 2020 12:09:23 GMT
- request:
    method: post
    uri: http://backend:5352/source/home:madam_submitter/Quebec_branch?cmd=diff&linkrev=base&onlyissues=1&orev=0&view=xml
    body:
      encoding: UTF-8
      string: ''
    headers:
      Content-Type:
      - application/octet-stream
      Accept-Encoding:
      - gzip;q=1.0,deflate;q=0.6,identity;q=0.3
      Accept:
      - "*/*"
      User-Agent:
      - Ruby
  response:
    status:
      code: 200
      message: OK
    headers:
      Content-Type:
      - text/xml
      Cache-Control:
      - no-cache
      Connection:
      - close
      Content-Length:
      - '328'
    body:
      encoding: UTF-8
      string: |
        <sourcediff key="c7d18b36657b318ca6120ff78f03bfc7">
          <old project="home:madam_submitter" package="Quebec_branch" rev="0" srcmd5="d41d8cd98f00b204e9800998ecf8427e"/>
          <new project="home:madam_submitter" package="Quebec_branch" rev="1" srcmd5="7302437629f0806e2212f7bb4d157409"/>
          <files/>
          <issues>
          </issues>
        </sourcediff>
  recorded_at: Thu, 13 Aug 2020 12:09:23 GMT
- request:
    method: post
    uri: http://backend:5352/source/home:madam_submitter/Quebec_branch?cmd=linkdiff&linkrev=base&onlyissues=1&view=xml
    body:
      encoding: UTF-8
      string: ''
    headers:
      Content-Type:
      - application/octet-stream
      Accept-Encoding:
      - gzip;q=1.0,deflate;q=0.6,identity;q=0.3
      Accept:
      - "*/*"
      User-Agent:
      - Ruby
  response:
    status:
      code: 200
      message: OK
    headers:
      Content-Type:
      - text/xml
      Cache-Control:
      - no-cache
      Connection:
      - close
      Content-Length:
      - '383'
    body:
      encoding: UTF-8
      string: |
        <sourcediff key="0f3e7378420f2f58e6a61a68bead3ce2">
          <old project="home:madam_submitter" package="Quebec" rev="9484950890c77fae84077de7312c0f65" srcmd5="9484950890c77fae84077de7312c0f65"/>
          <new project="home:madam_submitter" package="Quebec_branch" rev="8f40f068d477050226827cc53a949c51" srcmd5="8f40f068d477050226827cc53a949c51"/>
          <files/>
          <issues>
          </issues>
        </sourcediff>
  recorded_at: Thu, 13 Aug 2020 12:09:23 GMT
- request:
    method: put
    uri: http://backend:5352/source/home:madam_submitter/_meta?user=madam_submitter
    body:
      encoding: UTF-8
      string: |
        <project name="home:madam_submitter">
          <title/>
          <description/>
          <person userid="madam_submitter" role="maintainer"/>
        </project>
    headers:
      Accept-Encoding:
      - gzip;q=1.0,deflate;q=0.6,identity;q=0.3
      Accept:
      - "*/*"
      User-Agent:
      - Ruby
  response:
    status:
      code: 200
      message: OK
    headers:
      Content-Type:
      - text/xml
      Cache-Control:
      - no-cache
      Connection:
      - close
      Content-Length:
      - '152'
    body:
      encoding: UTF-8
      string: |
        <project name="home:madam_submitter">
          <title></title>
          <description></description>
          <person userid="madam_submitter" role="maintainer"/>
        </project>
  recorded_at: Thu, 13 Aug 2020 12:09:23 GMT
- request:
    method: put
    uri: http://backend:5352/source/home:madam_submitter/Quebec_branch/new_file?user=madam_submitter
    body:
      encoding: UTF-8
      string: I am a new file
    headers:
      Accept-Encoding:
      - gzip;q=1.0,deflate;q=0.6,identity;q=0.3
      Accept:
      - "*/*"
      User-Agent:
      - Ruby
  response:
    status:
      code: 200
      message: OK
    headers:
      Content-Type:
      - text/xml
      Cache-Control:
      - no-cache
      Connection:
      - close
      Content-Length:
      - '215'
    body:
      encoding: UTF-8
      string: |
        <revision rev="2" vrev="2">
          <srcmd5>2e0094632d6e8d64ba80ab9fb7a76c7e</srcmd5>
          <version>unknown</version>
          <time>1597320563</time>
          <user>madam_submitter</user>
          <comment></comment>
          <requestid/>
        </revision>
  recorded_at: Thu, 13 Aug 2020 12:09:23 GMT
- request:
    method: put
    uri: http://backend:5352/source/home:madam_submitter/Quebec_branch/_meta?user=madam_submitter
    body:
      encoding: UTF-8
      string: |
        <package name="Quebec_branch" project="home:madam_submitter">
          <title>The Moving Finger</title>
          <description>Fugit ut voluptates sed.</description>
        </package>
    headers:
      Accept-Encoding:
      - gzip;q=1.0,deflate;q=0.6,identity;q=0.3
      Accept:
      - "*/*"
      User-Agent:
      - Ruby
  response:
    status:
      code: 200
      message: OK
    headers:
      Content-Type:
      - text/xml
      Cache-Control:
      - no-cache
      Connection:
      - close
      Content-Length:
      - '162'
    body:
      encoding: UTF-8
      string: |
        <package name="Quebec_branch" project="home:madam_submitter">
          <title>The Moving Finger</title>
          <description>Fugit ut voluptates sed.</description>
        </package>
  recorded_at: Thu, 13 Aug 2020 12:09:23 GMT
- request:
    method: get
    uri: http://backend:5352/source/home:madam_submitter/Quebec_branch
    body:
      encoding: US-ASCII
      string: ''
    headers:
      Accept-Encoding:
      - gzip;q=1.0,deflate;q=0.6,identity;q=0.3
      Accept:
      - "*/*"
      User-Agent:
      - Ruby
  response:
    status:
      code: 200
      message: OK
    headers:
      Content-Type:
      - text/xml
      Cache-Control:
      - no-cache
      Connection:
      - close
      Content-Length:
      - '719'
    body:
      encoding: UTF-8
      string: |
        <directory name="Quebec_branch" rev="2" vrev="2" srcmd5="2e0094632d6e8d64ba80ab9fb7a76c7e">
          <linkinfo project="home:madam_submitter" package="Quebec" srcmd5="9484950890c77fae84077de7312c0f65" baserev="9484950890c77fae84077de7312c0f65" xsrcmd5="e1c375dfea4ff09f80854e93cab1946c" lsrcmd5="2e0094632d6e8d64ba80ab9fb7a76c7e"/>
          <entry name="_config" md5="ef97647449ad06057c2a9afa26dd6888" size="74" mtime="1597320563"/>
          <entry name="_link" md5="45a3200099b6b7f42dd3b2d9120732b2" size="114" mtime="1597320563"/>
          <entry name="new_file" md5="a451b9bbe42ff6529f209b4d184236fe" size="15" mtime="1597320563"/>
          <entry name="somefile.txt" md5="b997ce95c5211c437e390bd3b86184af" size="59" mtime="1597320563"/>
        </directory>
  recorded_at: Thu, 13 Aug 2020 12:09:23 GMT
- request:
    method: get
    uri: http://backend:5352/source/home:madam_submitter/Quebec_branch?view=info
    body:
      encoding: US-ASCII
      string: ''
    headers:
      Accept-Encoding:
      - gzip;q=1.0,deflate;q=0.6,identity;q=0.3
      Accept:
      - "*/*"
      User-Agent:
      - Ruby
  response:
    status:
      code: 200
      message: OK
    headers:
      Content-Type:
      - text/xml
      Cache-Control:
      - no-cache
      Connection:
      - close
      Content-Length:
      - '334'
    body:
      encoding: UTF-8
      string: |
        <sourceinfo package="Quebec_branch" rev="2" vrev="6" srcmd5="e1c375dfea4ff09f80854e93cab1946c" lsrcmd5="2e0094632d6e8d64ba80ab9fb7a76c7e" verifymd5="0cce4f6cb7636be46113cb776a6928c6">
          <error>bad build configuration, no build type defined or detected</error>
          <linked project="home:madam_submitter" package="Quebec"/>
        </sourceinfo>
  recorded_at: Thu, 13 Aug 2020 12:09:23 GMT
- request:
    method: get
    uri: http://backend:5352/source/home:madam_submitter/Quebec_branch
    body:
      encoding: US-ASCII
      string: ''
    headers:
      Accept-Encoding:
      - gzip;q=1.0,deflate;q=0.6,identity;q=0.3
      Accept:
      - "*/*"
      User-Agent:
      - Ruby
  response:
    status:
      code: 200
      message: OK
    headers:
      Content-Type:
      - text/xml
      Cache-Control:
      - no-cache
      Connection:
      - close
      Content-Length:
      - '719'
    body:
      encoding: UTF-8
      string: |
        <directory name="Quebec_branch" rev="2" vrev="2" srcmd5="2e0094632d6e8d64ba80ab9fb7a76c7e">
          <linkinfo project="home:madam_submitter" package="Quebec" srcmd5="9484950890c77fae84077de7312c0f65" baserev="9484950890c77fae84077de7312c0f65" xsrcmd5="e1c375dfea4ff09f80854e93cab1946c" lsrcmd5="2e0094632d6e8d64ba80ab9fb7a76c7e"/>
          <entry name="_config" md5="ef97647449ad06057c2a9afa26dd6888" size="74" mtime="1597320563"/>
          <entry name="_link" md5="45a3200099b6b7f42dd3b2d9120732b2" size="114" mtime="1597320563"/>
          <entry name="new_file" md5="a451b9bbe42ff6529f209b4d184236fe" size="15" mtime="1597320563"/>
          <entry name="somefile.txt" md5="b997ce95c5211c437e390bd3b86184af" size="59" mtime="1597320563"/>
        </directory>
  recorded_at: Thu, 13 Aug 2020 12:09:23 GMT
- request:
    method: post
    uri: http://backend:5352/source/home:madam_submitter/Quebec_branch?cmd=diff&linkrev=base&onlyissues=1&orev=0&view=xml
    body:
      encoding: UTF-8
      string: ''
    headers:
      Content-Type:
      - application/octet-stream
      Accept-Encoding:
      - gzip;q=1.0,deflate;q=0.6,identity;q=0.3
      Accept:
      - "*/*"
      User-Agent:
      - Ruby
  response:
    status:
      code: 200
      message: OK
    headers:
      Content-Type:
      - text/xml
      Cache-Control:
      - no-cache
      Connection:
      - close
      Content-Length:
      - '328'
    body:
      encoding: UTF-8
      string: |
        <sourcediff key="12ceeb871bf1b21c156d7d52c0a7298a">
          <old project="home:madam_submitter" package="Quebec_branch" rev="0" srcmd5="d41d8cd98f00b204e9800998ecf8427e"/>
          <new project="home:madam_submitter" package="Quebec_branch" rev="2" srcmd5="2e0094632d6e8d64ba80ab9fb7a76c7e"/>
          <files/>
          <issues>
          </issues>
        </sourcediff>
  recorded_at: Thu, 13 Aug 2020 12:09:23 GMT
- request:
    method: post
    uri: http://backend:5352/source/home:madam_submitter/Quebec_branch?cmd=linkdiff&linkrev=base&onlyissues=1&view=xml
    body:
      encoding: UTF-8
      string: ''
    headers:
      Content-Type:
      - application/octet-stream
      Accept-Encoding:
      - gzip;q=1.0,deflate;q=0.6,identity;q=0.3
      Accept:
      - "*/*"
      User-Agent:
      - Ruby
  response:
    status:
      code: 200
      message: OK
    headers:
      Content-Type:
      - text/xml
      Cache-Control:
      - no-cache
      Connection:
      - close
      Content-Length:
      - '383'
    body:
      encoding: UTF-8
      string: |
        <sourcediff key="c01de7242139b013cb3f288810876c34">
          <old project="home:madam_submitter" package="Quebec" rev="9484950890c77fae84077de7312c0f65" srcmd5="9484950890c77fae84077de7312c0f65"/>
          <new project="home:madam_submitter" package="Quebec_branch" rev="e1c375dfea4ff09f80854e93cab1946c" srcmd5="e1c375dfea4ff09f80854e93cab1946c"/>
          <files/>
          <issues>
          </issues>
        </sourcediff>
  recorded_at: Thu, 13 Aug 2020 12:09:23 GMT
- request:
    method: get
    uri: http://backend:5352/source/home:madam_submitter/Quebec?view=info
    body:
      encoding: US-ASCII
      string: ''
    headers:
      Accept-Encoding:
      - gzip;q=1.0,deflate;q=0.6,identity;q=0.3
      Accept:
      - "*/*"
      User-Agent:
      - Ruby
  response:
    status:
      code: 200
      message: OK
    headers:
      Content-Type:
      - text/xml
      Cache-Control:
      - no-cache
      Connection:
      - close
      Content-Length:
      - '224'
    body:
      encoding: UTF-8
      string: |
        <sourceinfo package="Quebec" rev="4" vrev="4" srcmd5="9484950890c77fae84077de7312c0f65" verifymd5="9484950890c77fae84077de7312c0f65">
          <error>bad build configuration, no build type defined or detected</error>
        </sourceinfo>
  recorded_at: Thu, 13 Aug 2020 12:09:23 GMT
- request:
    method: get
    uri: http://backend:5352/source/home:madam_submitter/Quebec
    body:
      encoding: US-ASCII
      string: ''
    headers:
      Accept-Encoding:
      - gzip;q=1.0,deflate;q=0.6,identity;q=0.3
      Accept:
      - "*/*"
      User-Agent:
      - Ruby
  response:
    status:
      code: 200
      message: OK
    headers:
      Content-Type:
      - text/xml
      Cache-Control:
      - no-cache
      Connection:
      - close
      Content-Length:
      - '291'
    body:
      encoding: UTF-8
      string: |
        <directory name="Quebec" rev="4" vrev="4" srcmd5="9484950890c77fae84077de7312c0f65">
          <entry name="_config" md5="ef97647449ad06057c2a9afa26dd6888" size="74" mtime="1597320563"/>
          <entry name="somefile.txt" md5="b997ce95c5211c437e390bd3b86184af" size="59" mtime="1597320563"/>
        </directory>
  recorded_at: Thu, 13 Aug 2020 12:09:23 GMT
- request:
    method: post
    uri: http://backend:5352/source/home:madam_submitter/Quebec?cmd=diff&linkrev=base&onlyissues=1&orev=0&view=xml
    body:
      encoding: UTF-8
      string: ''
    headers:
      Content-Type:
      - application/octet-stream
      Accept-Encoding:
      - gzip;q=1.0,deflate;q=0.6,identity;q=0.3
      Accept:
      - "*/*"
      User-Agent:
      - Ruby
  response:
    status:
      code: 200
      message: OK
    headers:
      Content-Type:
      - text/xml
      Cache-Control:
      - no-cache
      Connection:
      - close
      Content-Length:
      - '314'
    body:
      encoding: UTF-8
      string: |
        <sourcediff key="7b0cf0f5603ac0d329602d3f7636875e">
          <old project="home:madam_submitter" package="Quebec" rev="0" srcmd5="d41d8cd98f00b204e9800998ecf8427e"/>
          <new project="home:madam_submitter" package="Quebec" rev="4" srcmd5="9484950890c77fae84077de7312c0f65"/>
          <files/>
          <issues>
          </issues>
        </sourcediff>
  recorded_at: Thu, 13 Aug 2020 12:09:23 GMT
- request:
    method: get
    uri: http://backend:5352/source/home:madam_submitter/Quebec_branch
    body:
      encoding: US-ASCII
      string: ''
    headers:
      Accept-Encoding:
      - gzip;q=1.0,deflate;q=0.6,identity;q=0.3
      Accept:
      - "*/*"
      User-Agent:
      - Ruby
  response:
    status:
      code: 200
      message: OK
    headers:
      Content-Type:
      - text/xml
      Cache-Control:
      - no-cache
      Connection:
      - close
      Content-Length:
      - '719'
    body:
      encoding: UTF-8
      string: |
        <directory name="Quebec_branch" rev="2" vrev="2" srcmd5="2e0094632d6e8d64ba80ab9fb7a76c7e">
          <linkinfo project="home:madam_submitter" package="Quebec" srcmd5="9484950890c77fae84077de7312c0f65" baserev="9484950890c77fae84077de7312c0f65" xsrcmd5="e1c375dfea4ff09f80854e93cab1946c" lsrcmd5="2e0094632d6e8d64ba80ab9fb7a76c7e"/>
          <entry name="_config" md5="ef97647449ad06057c2a9afa26dd6888" size="74" mtime="1597320563"/>
          <entry name="_link" md5="45a3200099b6b7f42dd3b2d9120732b2" size="114" mtime="1597320563"/>
          <entry name="new_file" md5="a451b9bbe42ff6529f209b4d184236fe" size="15" mtime="1597320563"/>
          <entry name="somefile.txt" md5="b997ce95c5211c437e390bd3b86184af" size="59" mtime="1597320563"/>
        </directory>
  recorded_at: Thu, 13 Aug 2020 12:09:23 GMT
- request:
    method: get
    uri: http://backend:5352/source/home:madam_submitter/Quebec_branch?expand=1&rev=2
    body:
      encoding: US-ASCII
      string: ''
    headers:
      Accept-Encoding:
      - gzip;q=1.0,deflate;q=0.6,identity;q=0.3
      Accept:
      - "*/*"
      User-Agent:
      - Ruby
  response:
    status:
      code: 200
      message: OK
    headers:
      Content-Type:
      - text/xml
      Cache-Control:
      - no-cache
      Connection:
      - close
      Content-Length:
      - '614'
    body:
      encoding: UTF-8
      string: |
        <directory name="Quebec_branch" rev="e1c375dfea4ff09f80854e93cab1946c" vrev="6" srcmd5="e1c375dfea4ff09f80854e93cab1946c">
          <linkinfo project="home:madam_submitter" package="Quebec" srcmd5="9484950890c77fae84077de7312c0f65" baserev="9484950890c77fae84077de7312c0f65" lsrcmd5="2e0094632d6e8d64ba80ab9fb7a76c7e"/>
          <entry name="_config" md5="ef97647449ad06057c2a9afa26dd6888" size="74" mtime="1597320563"/>
          <entry name="new_file" md5="a451b9bbe42ff6529f209b4d184236fe" size="15" mtime="1597320563"/>
          <entry name="somefile.txt" md5="b997ce95c5211c437e390bd3b86184af" size="59" mtime="1597320563"/>
        </directory>
  recorded_at: Thu, 13 Aug 2020 12:09:23 GMT
- request:
    method: get
    uri: http://backend:5352/source/home:madam_submitter/Quebec_branch
    body:
      encoding: US-ASCII
      string: ''
    headers:
      Accept-Encoding:
      - gzip;q=1.0,deflate;q=0.6,identity;q=0.3
      Accept:
      - "*/*"
      User-Agent:
      - Ruby
  response:
    status:
      code: 200
      message: OK
    headers:
      Content-Type:
      - text/xml
      Cache-Control:
      - no-cache
      Connection:
      - close
      Content-Length:
      - '719'
    body:
      encoding: UTF-8
      string: |
        <directory name="Quebec_branch" rev="2" vrev="2" srcmd5="2e0094632d6e8d64ba80ab9fb7a76c7e">
          <linkinfo project="home:madam_submitter" package="Quebec" srcmd5="9484950890c77fae84077de7312c0f65" baserev="9484950890c77fae84077de7312c0f65" xsrcmd5="e1c375dfea4ff09f80854e93cab1946c" lsrcmd5="2e0094632d6e8d64ba80ab9fb7a76c7e"/>
          <entry name="_config" md5="ef97647449ad06057c2a9afa26dd6888" size="74" mtime="1597320563"/>
          <entry name="_link" md5="45a3200099b6b7f42dd3b2d9120732b2" size="114" mtime="1597320563"/>
          <entry name="new_file" md5="a451b9bbe42ff6529f209b4d184236fe" size="15" mtime="1597320563"/>
          <entry name="somefile.txt" md5="b997ce95c5211c437e390bd3b86184af" size="59" mtime="1597320563"/>
        </directory>
  recorded_at: Thu, 13 Aug 2020 12:09:23 GMT
- request:
    method: get
    uri: http://backend:5352/source/home:madam_submitter/Quebec_branch
    body:
      encoding: US-ASCII
      string: ''
    headers:
      Accept-Encoding:
      - gzip;q=1.0,deflate;q=0.6,identity;q=0.3
      Accept:
      - "*/*"
      User-Agent:
      - Ruby
  response:
    status:
      code: 200
      message: OK
    headers:
      Content-Type:
      - text/xml
      Cache-Control:
      - no-cache
      Connection:
      - close
      Content-Length:
      - '719'
    body:
      encoding: UTF-8
      string: |
        <directory name="Quebec_branch" rev="2" vrev="2" srcmd5="2e0094632d6e8d64ba80ab9fb7a76c7e">
          <linkinfo project="home:madam_submitter" package="Quebec" srcmd5="9484950890c77fae84077de7312c0f65" baserev="9484950890c77fae84077de7312c0f65" xsrcmd5="e1c375dfea4ff09f80854e93cab1946c" lsrcmd5="2e0094632d6e8d64ba80ab9fb7a76c7e"/>
          <entry name="_config" md5="ef97647449ad06057c2a9afa26dd6888" size="74" mtime="1597320563"/>
          <entry name="_link" md5="45a3200099b6b7f42dd3b2d9120732b2" size="114" mtime="1597320563"/>
          <entry name="new_file" md5="a451b9bbe42ff6529f209b4d184236fe" size="15" mtime="1597320563"/>
          <entry name="somefile.txt" md5="b997ce95c5211c437e390bd3b86184af" size="59" mtime="1597320563"/>
        </directory>
  recorded_at: Thu, 13 Aug 2020 12:09:23 GMT
- request:
    method: get
    uri: http://backend:5352/source/home:madam_submitter/Quebec_branch/_history
    body:
      encoding: US-ASCII
      string: ''
    headers:
      Accept-Encoding:
      - gzip;q=1.0,deflate;q=0.6,identity;q=0.3
      Accept:
      - "*/*"
      User-Agent:
      - Ruby
  response:
    status:
      code: 200
      message: OK
    headers:
      Content-Type:
      - text/xml
      Cache-Control:
      - no-cache
      Connection:
      - close
      Content-Length:
      - '411'
    body:
      encoding: UTF-8
      string: |
        <revisionlist>
          <revision rev="1" vrev="1">
            <srcmd5>7302437629f0806e2212f7bb4d157409</srcmd5>
            <version>unknown</version>
            <time>1597320563</time>
            <user>madam_submitter</user>
          </revision>
          <revision rev="2" vrev="2">
            <srcmd5>2e0094632d6e8d64ba80ab9fb7a76c7e</srcmd5>
            <version>unknown</version>
            <time>1597320563</time>
            <user>madam_submitter</user>
          </revision>
        </revisionlist>
  recorded_at: Thu, 13 Aug 2020 12:09:23 GMT
- request:
    method: get
    uri: http://backend:5352/build/home:madam_submitter/_result?package=Quebec_branch&view=status
    body:
      encoding: US-ASCII
      string: ''
    headers:
      Accept-Encoding:
      - gzip;q=1.0,deflate;q=0.6,identity;q=0.3
      Accept:
      - "*/*"
      User-Agent:
      - Ruby
  response:
    status:
      code: 200
      message: OK
    headers:
      Content-Type:
      - text/xml
      Cache-Control:
      - no-cache
      Connection:
      - close
      Content-Length:
      - '55'
    body:
      encoding: UTF-8
      string: '<resultlist state="00000000000000000000000000000000"/>

'
  recorded_at: Thu, 13 Aug 2020 12:09:24 GMT
- request:
    method: get
    uri: http://backend:5352/source/home:madam_submitter/Quebec_branch
    body:
      encoding: US-ASCII
      string: ''
    headers:
      Accept-Encoding:
      - gzip;q=1.0,deflate;q=0.6,identity;q=0.3
      Accept:
      - "*/*"
      User-Agent:
      - Ruby
  response:
    status:
      code: 200
      message: OK
    headers:
      Content-Type:
      - text/xml
      Cache-Control:
      - no-cache
      Connection:
      - close
      Content-Length:
      - '719'
    body:
      encoding: UTF-8
      string: |
        <directory name="Quebec_branch" rev="2" vrev="2" srcmd5="2e0094632d6e8d64ba80ab9fb7a76c7e">
          <linkinfo project="home:madam_submitter" package="Quebec" srcmd5="9484950890c77fae84077de7312c0f65" baserev="9484950890c77fae84077de7312c0f65" xsrcmd5="e1c375dfea4ff09f80854e93cab1946c" lsrcmd5="2e0094632d6e8d64ba80ab9fb7a76c7e"/>
          <entry name="_config" md5="ef97647449ad06057c2a9afa26dd6888" size="74" mtime="1597320563"/>
          <entry name="_link" md5="45a3200099b6b7f42dd3b2d9120732b2" size="114" mtime="1597320563"/>
          <entry name="new_file" md5="a451b9bbe42ff6529f209b4d184236fe" size="15" mtime="1597320563"/>
          <entry name="somefile.txt" md5="b997ce95c5211c437e390bd3b86184af" size="59" mtime="1597320563"/>
        </directory>
  recorded_at: Thu, 13 Aug 2020 12:09:24 GMT
- request:
    method: get
    uri: http://backend:5352/source/home:madam_submitter/Quebec_branch
    body:
      encoding: US-ASCII
      string: ''
    headers:
      Accept-Encoding:
      - gzip;q=1.0,deflate;q=0.6,identity;q=0.3
      Accept:
      - "*/*"
      User-Agent:
      - Ruby
  response:
    status:
      code: 200
      message: OK
    headers:
      Content-Type:
      - text/xml
      Cache-Control:
      - no-cache
      Connection:
      - close
      Content-Length:
      - '719'
    body:
      encoding: UTF-8
      string: |
        <directory name="Quebec_branch" rev="2" vrev="2" srcmd5="2e0094632d6e8d64ba80ab9fb7a76c7e">
          <linkinfo project="home:madam_submitter" package="Quebec" srcmd5="9484950890c77fae84077de7312c0f65" baserev="9484950890c77fae84077de7312c0f65" xsrcmd5="e1c375dfea4ff09f80854e93cab1946c" lsrcmd5="2e0094632d6e8d64ba80ab9fb7a76c7e"/>
          <entry name="_config" md5="ef97647449ad06057c2a9afa26dd6888" size="74" mtime="1597320563"/>
          <entry name="_link" md5="45a3200099b6b7f42dd3b2d9120732b2" size="114" mtime="1597320563"/>
          <entry name="new_file" md5="a451b9bbe42ff6529f209b4d184236fe" size="15" mtime="1597320563"/>
          <entry name="somefile.txt" md5="b997ce95c5211c437e390bd3b86184af" size="59" mtime="1597320563"/>
        </directory>
  recorded_at: Thu, 13 Aug 2020 12:09:24 GMT
- request:
    method: post
    uri: http://backend:5352/source/home:madam_submitter/Quebec_branch?cmd=diff&expand=1&nodiff=1&opackage=Quebec&oproject=home:madam_submitter&rev=2
    body:
      encoding: UTF-8
      string: ''
    headers:
      Content-Type:
      - application/octet-stream
      Accept-Encoding:
      - gzip;q=1.0,deflate;q=0.6,identity;q=0.3
      Accept:
      - "*/*"
      User-Agent:
      - Ruby
  response:
    status:
      code: 200
      message: OK
    headers:
      Content-Type:
      - text/plain
      Cache-Control:
      - no-cache
      Connection:
      - close
      Content-Length:
      - '102'
    body:
      encoding: UTF-8
      string: |2

        new:
        ----
          new_file

        other changes:
        --------------

        ++++++ new_file (new)
        --- new_file
        +++ new_file
  recorded_at: Thu, 13 Aug 2020 12:09:24 GMT
- request:
    method: get
    uri: http://backend:5352/source/home:madam_submitter/Quebec_branch?expand=1&rev=2
    body:
      encoding: US-ASCII
      string: ''
    headers:
      Accept-Encoding:
      - gzip;q=1.0,deflate;q=0.6,identity;q=0.3
      Accept:
      - "*/*"
      User-Agent:
      - Ruby
  response:
    status:
      code: 200
      message: OK
    headers:
      Content-Type:
      - text/xml
      Cache-Control:
      - no-cache
      Connection:
      - close
      Content-Length:
      - '614'
    body:
      encoding: UTF-8
      string: |
        <directory name="Quebec_branch" rev="e1c375dfea4ff09f80854e93cab1946c" vrev="6" srcmd5="e1c375dfea4ff09f80854e93cab1946c">
          <linkinfo project="home:madam_submitter" package="Quebec" srcmd5="9484950890c77fae84077de7312c0f65" baserev="9484950890c77fae84077de7312c0f65" lsrcmd5="2e0094632d6e8d64ba80ab9fb7a76c7e"/>
          <entry name="_config" md5="ef97647449ad06057c2a9afa26dd6888" size="74" mtime="1597320563"/>
          <entry name="new_file" md5="a451b9bbe42ff6529f209b4d184236fe" size="15" mtime="1597320563"/>
          <entry name="somefile.txt" md5="b997ce95c5211c437e390bd3b86184af" size="59" mtime="1597320563"/>
        </directory>
  recorded_at: Thu, 13 Aug 2020 12:09:24 GMT
- request:
    method: get
    uri: http://backend:5352/source/home:madam_submitter/Quebec_branch
    body:
      encoding: US-ASCII
      string: ''
    headers:
      Accept-Encoding:
      - gzip;q=1.0,deflate;q=0.6,identity;q=0.3
      Accept:
      - "*/*"
      User-Agent:
      - Ruby
  response:
    status:
      code: 200
      message: OK
    headers:
      Content-Type:
      - text/xml
      Cache-Control:
      - no-cache
      Connection:
      - close
      Content-Length:
      - '719'
    body:
      encoding: UTF-8
      string: |
        <directory name="Quebec_branch" rev="2" vrev="2" srcmd5="2e0094632d6e8d64ba80ab9fb7a76c7e">
          <linkinfo project="home:madam_submitter" package="Quebec" srcmd5="9484950890c77fae84077de7312c0f65" baserev="9484950890c77fae84077de7312c0f65" xsrcmd5="e1c375dfea4ff09f80854e93cab1946c" lsrcmd5="2e0094632d6e8d64ba80ab9fb7a76c7e"/>
          <entry name="_config" md5="ef97647449ad06057c2a9afa26dd6888" size="74" mtime="1597320563"/>
          <entry name="_link" md5="45a3200099b6b7f42dd3b2d9120732b2" size="114" mtime="1597320563"/>
          <entry name="new_file" md5="a451b9bbe42ff6529f209b4d184236fe" size="15" mtime="1597320563"/>
          <entry name="somefile.txt" md5="b997ce95c5211c437e390bd3b86184af" size="59" mtime="1597320563"/>
        </directory>
  recorded_at: Thu, 13 Aug 2020 12:09:25 GMT
- request:
    method: post
    uri: http://backend:5352/source/home:madam_submitter/Quebec_branch?cmd=diff&expand=1&filelimit=10000&opackage=Quebec&oproject=home:madam_submitter&rev=2&tarlimit=10000&view=xml&withissues=1
    body:
      encoding: UTF-8
      string: ''
    headers:
      Content-Type:
      - application/octet-stream
      Accept-Encoding:
      - gzip;q=1.0,deflate;q=0.6,identity;q=0.3
      Accept:
      - "*/*"
      User-Agent:
      - Ruby
  response:
    status:
      code: 200
      message: OK
    headers:
      Content-Type:
      - text/xml
      Cache-Control:
      - no-cache
      Connection:
      - close
      Content-Length:
      - '537'
    body:
      encoding: UTF-8
      string: |
        <sourcediff key="c6b918248f482582900c542152e04bc1">
          <old project="home:madam_submitter" package="Quebec" rev="4" srcmd5="9484950890c77fae84077de7312c0f65"/>
          <new project="home:madam_submitter" package="Quebec_branch" rev="2" srcmd5="e1c375dfea4ff09f80854e93cab1946c"/>
          <files>
            <file state="added">
              <new name="new_file" md5="a451b9bbe42ff6529f209b4d184236fe" size="15"/>
              <diff lines="3">@@ -0,0 +1,1 @@
        +I am a new file
        \ No newline at end of file
        </diff>
            </file>
          </files>
          <issues>
          </issues>
        </sourcediff>
  recorded_at: Thu, 13 Aug 2020 12:09:25 GMT
- request:
    method: get
    uri: http://backend:5352/source/home:madam_submitter/Quebec
    body:
      encoding: US-ASCII
      string: ''
    headers:
      Accept-Encoding:
      - gzip;q=1.0,deflate;q=0.6,identity;q=0.3
      Accept:
      - "*/*"
      User-Agent:
      - Ruby
  response:
    status:
      code: 200
      message: OK
    headers:
      Content-Type:
      - text/xml
      Cache-Control:
      - no-cache
      Connection:
      - close
      Content-Length:
      - '291'
    body:
      encoding: UTF-8
      string: |
        <directory name="Quebec" rev="4" vrev="4" srcmd5="9484950890c77fae84077de7312c0f65">
          <entry name="_config" md5="ef97647449ad06057c2a9afa26dd6888" size="74" mtime="1597320563"/>
          <entry name="somefile.txt" md5="b997ce95c5211c437e390bd3b86184af" size="59" mtime="1597320563"/>
        </directory>
  recorded_at: Thu, 13 Aug 2020 12:09:25 GMT
- request:
    method: get
    uri: http://backend:5352/build/home:madam_submitter/_result?package=Quebec_branch&view=status
    body:
      encoding: US-ASCII
      string: ''
    headers:
      Accept-Encoding:
      - gzip;q=1.0,deflate;q=0.6,identity;q=0.3
      Accept:
      - "*/*"
      User-Agent:
      - Ruby
  response:
    status:
      code: 200
      message: OK
    headers:
      Content-Type:
      - text/xml
      Cache-Control:
      - no-cache
      Connection:
      - close
      Content-Length:
      - '55'
    body:
      encoding: UTF-8
      string: '<resultlist state="00000000000000000000000000000000"/>

'
  recorded_at: Thu, 13 Aug 2020 12:09:25 GMT
recorded_with: VCR 6.0.0
